---
source: slack-app/src/service/slack/tests.rs
expression: message
---
attachments:
  - blocks:
      - type: section
        text:
          type: plain_text
          text: ":rotating_light: Alert is firing"
          emoji: true
      - type: section
        text:
          type: mrkdwn
          text: "High Error Rate for \"api\" [environment=production]"
        fields:
          - type: mrkdwn
            text: "*Severity*\n:question: Unknown"
          - type: mrkdwn
            text: "*Created*\n1970-01-01 0:00:00.0 +00:00:00"
    color: "#F2303C"

