---
source: slack-app/src/service/slack/tests.rs
expression: message
---
attachments:
  - blocks:
      - type: section
        text:
          type: plain_text
          text: ":white_check_mark: Alert was resolved"
          emoji: true
      - type: section
        text:
          type: mrkdwn
          text: "High Error Rate for \"api\" [environment=production]"
        fields:
          - type: mrkdwn
            text: "*Severity*\n:question: Unknown"
          - type: mrkdwn
            text: "*Created*\n1970-01-01 0:00:00.0 +00:00:00"
      - type: image
        image_url: "http://localhost:3031/api/chart/1234"
        alt_text: "Chart for slo `success-rate-99`"
      - type: section
        text:
          type: mrkdwn
          text: "Triage `success-rate-99` SLO in Explorer"
        accessory:
          type: button
          action_id: open_in_explorer
          text:
            type: plain_text
            text: Open
          url: "http://explorer.pmmp.dev/?prometheusUrl=http://localhost:9090/prometheus#/slos/api/successRate?from=1969-12-31T18:00:00Z&to=1970-01-01T00:00:00Z"
    color: "#2EC95A"

